[36mrolldown-vite v7.3.0 [32mbuilding client environment for production...[36m[39m
[2K
node.exe : 
Browserslist: 
browsers data 
(caniuse-lite) is 14 
months old. Please 
run:
At line:1 char:1
+ & 
"E:\nodejs/node.exe" "
E:\nodejs/node_modules
/npm/bin/npx-cli.js" 
vi ...
+ ~~~~~~~~~~~~~~~~~~~~
~~~~~~~~~~~~~~~~~~~~~~
~~~~~~~~~~~~~~~~~~~~~~
~~~~~
    + CategoryInfo    
          : NotSpeci  
  fied: (Browsersli   
 st: b...ld. Pleas    
e run::String) []    
, RemoteException
    + FullyQualifiedE 
   rrorId : NativeCo  
  mmandError
 
  npx update-browsersl
ist-db@latest
  Why you should do 
it regularly: https://
github.com/browserslis
t/update-db#readme
transforming...Γ£ô 2388 modules transformed.
[31mΓ£ù[39m Build 
failed in 748ms
[31merror during 
build:
[31mBuild failed 
with 1 error:

[plugin vite:css] 
C:/Users/Adriaan Dimat
e/Desktop/newyearendpo
ems/src/styles.css?tra
nsform-only:2:3744
CssSyntaxError: 
[postcss] 
C:/Users/Adriaan Dimat
e/Desktop/newyearendpo
ems/src/styles.css?tra
nsform-only:2:3745: 
`@layer base` is used 
but no matching 
`@tailwind base` 
directive is present.
    at Input.error 
(C:\Users\Adriaan Dima
te\Desktop\newyearendp
oems\node_modules\post
css\lib\input.js:135:1
6)
    at AtRule.error 
(C:\Users\Adriaan Dima
te\Desktop\newyearendp
oems\node_modules\post
css\lib\node.js:146:32
)
    at normalizeTailwi
ndDirectives 
(C:\Users\Adriaan Dima
te\node_modules\tailwi
ndcss\lib\lib\normaliz
eTailwindDirectives.js
:72:32)
    at 
C:\Users\Adriaan Dimat
e\node_modules\tailwin
dcss\lib\processTailwi
ndFeatures.js:29:98
    at plugins 
(C:\Users\Adriaan Dima
te\node_modules\tailwi
ndcss\lib\plugin.js:38
:69)
    at 
LazyResult.runOnRoot 
(C:\Users\Adriaan Dima
te\Desktop\newyearendp
oems\node_modules\post
css\lib\lazy-result.js
:361:16)
    at 
LazyResult.runAsync 
(C:\Users\Adriaan Dima
te\Desktop\newyearendp
oems\node_modules\post
css\lib\lazy-result.js
:290:26)
    at 
LazyResult.async 
(C:\Users\Adriaan Dima
te\Desktop\newyearendp
oems\node_modules\post
css\lib\lazy-result.js
:192:30)
    at 
LazyResult.then 
(C:\Users\Adriaan Dima
te\Desktop\newyearendp
oems\node_modules\post
css\lib\lazy-result.js
:436:17)[31m
    at aggregateBindin
gErrorsIntoJsError (fi
le:///C:/Users/Adriaan
%20Dimate/Desktop/newy
earendpoems/node_modul
es/rolldown/dist/share
d/bindingify-input-opt
ions-Bk0BBr2s.mjs:56:1
8)
    at 
unwrapBindingResult (f
ile:///C:/Users/Adriaa
n%20Dimate/Desktop/new
yearendpoems/node_modu
les/rolldown/dist/shar
ed/bindingify-input-op
tions-Bk0BBr2s.mjs:31:
128)
    at #build (file://
/C:/Users/Adriaan%20Di
mate/Desktop/newyearen
dpoems/node_modules/ro
lldown/dist/shared/rol
ldown-build-BEU8N80I.m
js:2260:34)
    at async 
buildEnvironment (file
:///C:/Users/Adriaan%2
0Dimate/Desktop/newyea
rendpoems/node_modules
/vite/dist/node/chunks
/node.js:32804:64)
    at async 
Object.build (file:///
C:/Users/Adriaan%20Dim
ate/Desktop/newyearend
poems/node_modules/vit
e/dist/node/chunks/nod
e.js:33207:19)
    at async 
Object.buildApp (file:
///C:/Users/Adriaan%20
Dimate/Desktop/newyear
endpoems/node_modules/
@tanstack/start-plugin
-core/dist/esm/plugin.
js:254:17)
    at async 
Object.buildApp (file:
///C:/Users/Adriaan%20
Dimate/Desktop/newyear
endpoems/node_modules/
vite/dist/node/chunks/
node.js:33199:6)
    at async 
CAC.<anonymous> (file:
///C:/Users/Adriaan%20
Dimate/Desktop/newyear
endpoems/node_modules/
vite/dist/node/cli.js:
629:3)[39m
